// Jest Snapshot v1, https://goo.gl/fbAQLP

exports[`HomeScreen matches snapshot in dark mode 1`] = `
<View
  style={
    {
      "alignItems": "center",
      "flex": 1,
      "justifyContent": "center",
    }
  }
>
  <ActivityIndicator
    color="#73000A"
    size="large"
  />
</View>
`;
